// Jest Snapshot v1, https://goo.gl/fbAQLP

exports[`defaulted settings should return defaulted settings 1`] = `
Object {
  "_type": "io.cozy.bank.settings",
  "billsMatching": Object {
    "billsLastSeq": "0",
    "transactionsLastSeq": "0",
  },
  "categorization": Object {
    "lastSeq": 0,
  },
  "community": Object {
    "autoCategorization": Object {
      "enabled": false,
    },
    "localModelOverride": Object {
      "enabled": false,
    },
  },
  "notifications": Object {
    "balanceLower": Object {
      "enabled": false,
      "value": 600,
    },
    "healthBillLinked": Object {
      "enabled": true,
    },
    "hebdo": Object {
      "enabled": false,
    },
    "lastSeq": 0,
    "mensuel": Object {
      "enabled": false,
    },
    "salaire": Object {
      "enabled": false,
    },
    "transactionGreater": Object {
      "enabled": true,
      "value": 600,
    },
  },
  "showIncomeCategory": true,
}
`;
