// Jest Snapshot v1, https://goo.gl/fbAQLP

exports[`Header should display children 1`] = `"<div class=\\"CozyTheme--normal\\"><div role=\\"header\\" class=\\"HeaderColor_normal Header--paper\\">content</div></div>"`;

exports[`Header should extend className 1`] = `"<div class=\\"CozyTheme--normal\\"><div role=\\"header\\" class=\\"HeaderColor_normal Header--paper noPaddingBottom\\">content</div></div>"`;

exports[`Header should set position fixed 1`] = `"<div class=\\"CozyTheme--normal\\"><div role=\\"header\\" class=\\"HeaderColor_normal Header--fixed Header--paper\\">content</div></div>"`;

exports[`Header should set theme default 1`] = `"<div class=\\"CozyTheme--normal\\"><div role=\\"header\\" class=\\"HeaderColor_normal Header--paper\\">content</div></div>"`;

exports[`Header should set theme inverted 1`] = `"<div class=\\"CozyTheme--inverted\\"><div role=\\"header\\" class=\\"HeaderColor_inverted Header--paper\\">content</div></div>"`;
