// Jest Snapshot v1, https://goo.gl/fbAQLP

exports[`DumbAppCard should render correctly if the platform matches with the current device 1`] = `"<a class=\\"styles__c-card___YgP7B Card\\" href=\\"http://some.thing\\" target=\\"_blank\\"><svg viewBox=\\"0 0 16 16\\" class=\\"styles__icon___23x3R\\" style=\\"fill: var(--coolGrey);\\" width=\\"16\\" height=\\"16\\"><path fill-rule=\\"evenodd\\" d=\\"M2 1c0-.552.456-1 1.002-1h9.996A1 1 0 0114 1v14c0 .552-.456 1-1.002 1H3.002A1 1 0 012 15V1zm2 1v10h8V2H4zm4 13a1 1 0 100-2 1 1 0 000 2z\\"></path></svg><div class=\\"u-ml-1\\"><p class=\\"MuiTypography-root MuiTypography-body1 MuiTypography-colorTextPrimary\\">Open the application</p><span class=\\"MuiTypography-root MuiTypography-caption MuiTypography-colorTextSecondary\\">On my phone</span></div></a>"`;

exports[`DumbPhoneCard should render correctly with number and price 1`] = `"<a class=\\"styles__c-card___YgP7B Card\\" href=\\"tel:01 23 45 67 89\\"><svg class=\\"styles__icon___23x3R\\" style=\\"fill: var(--coolGrey);\\" width=\\"16\\" height=\\"16\\"><use xlink:href=\\"#test-file-stub\\"></use></svg><div class=\\"u-ml-1\\"><p class=\\"MuiTypography-root MuiTypography-body1 MuiTypography-colorTextPrimary\\">01 23 45 67 89</p><span class=\\"MuiTypography-root MuiTypography-caption MuiTypography-colorTextSecondary\\">0,06â‚¬/min + call price</span></div></a>"`;

exports[`DumbPhoneCard should render correctly with only number 1`] = `"<a class=\\"styles__c-card___YgP7B Card\\" href=\\"tel:01 23 45 67 89\\"><svg class=\\"styles__icon___23x3R\\" style=\\"fill: var(--coolGrey);\\" width=\\"16\\" height=\\"16\\"><use xlink:href=\\"#test-file-stub\\"></use></svg><div class=\\"u-ml-1\\"><p class=\\"MuiTypography-root MuiTypography-body1 MuiTypography-colorTextPrimary\\">01 23 45 67 89</p><span class=\\"MuiTypography-root MuiTypography-caption MuiTypography-colorTextSecondary\\">Not surcharged call</span></div></a>"`;

exports[`DumbWebCard should render correctly 1`] = `"<a class=\\"styles__c-card___YgP7B Card\\" href=\\"https://ameli.fr\\" target=\\"_blank\\"><svg class=\\"styles__icon___23x3R\\" style=\\"fill: var(--coolGrey);\\" width=\\"16\\" height=\\"16\\"><use xlink:href=\\"#test-file-stub\\"></use></svg><div class=\\"u-ml-1\\"><p class=\\"MuiTypography-root MuiTypography-body1 MuiTypography-colorTextPrimary\\">Send my care sheet</p><span class=\\"MuiTypography-root MuiTypography-caption MuiTypography-colorTextSecondary\\">ameli.fr</span></div></a>"`;
